[    0.000000] Initializing cgroup subsys cpuset
[    0.000000] Initializing cgroup subsys cpu
[    0.000000] Initializing cgroup subsys cpuacct
[    0.000000] Linux version 4.4.0-122-generic (buildd@lcy01-amd64-005) (gcc version 5.4.0 20160609 (Ubuntu 5.4.0-6ubuntu1~16.04.9  ) #146-Ubuntu SMP Mon Apr 23 15:34:04 UTC 2018 (Ubuntu 4.4.0-122.146-generic 4.4.117)
[    0.000000] Command line: BOOT_IMAGE=/boot/vmlinuz-4.4.0-122-generic root=LABEL=cloudimg-rootfs ro console=tty1 console=ttyS0
[    0.000000] KERNEL supported cpus:
[    0.000000]   Intel GenuineIntel
[    0.000000]   AMD AuthenticAMD
[    0.000000]   Centaur CentaurHauls
[    0.000000] ------------[ cut here ]------------
[    0.000000] WARNING: CPU: 0 PID: 0 at /build/linux-fK4DoK/linux-4.4.0/arch/x86/kernel/fpu/xstate.c:517 fpu__init_system_xstate+0x38b/0x75a()
[    0.000000] XSAVE consistency problem, dumping leaves
[    0.000000] Modules linked in:
[    0.000000] CPU: 0 PID: 0 Comm: swapper Not tainted 4.4.0-122-generic #146-Ubuntu
[    0.000000]  0000000000000086 a2cfead0b3d7394f ffffffff81e03d80 ffffffff813ffc13
[    0.000000]  ffffffff81e03dc8 ffffffff81cac050 ffffffff81e03db8 ffffffff81083232
[    0.000000]  ffffffff81e03e48 ffffffff81e03e4c 0000000000000008 0000000000000100
[    0.000000] Call Trace:
[    0.000000]  [<ffffffff813ffc13>] dump_stack+0x63/0x90
[    0.000000]  [<ffffffff81083232>] warn_slowpath_common+0x82/0xc0
[    0.000000]  [<ffffffff810832cc>] warn_slowpath_fmt+0x5c/0x80
[    0.000000]  [<ffffffff8107eda8>] ? xfeature_size+0x59/0x77
[    0.000000]  [<ffffffff81f732e9>] fpu__init_system_xstate+0x38b/0x75a
[    0.000000]  [<ffffffff81f63120>] ? early_idt_handler_array+0x120/0x120
[    0.000000]  [<ffffffff81f72c54>] fpu__init_system+0x10b/0x243
[    0.000000]  [<ffffffff81f73e1f>] early_cpu_init+0x178/0x17d
[    0.000000]  [<ffffffff81f73e1f>] ? early_cpu_init+0x178/0x17d
[    0.000000]  [<ffffffff81f6f1ae>] setup_arc++0xb4/0xd2b
[    0.000000]  [<ffffffff81f63120>] ? early_idt_handler_array+0x120/0x120
[    0.000000]  [<ffffffff81f63c7b>] start_kernel+0xe2/0x4aa
[    0.000000]  [<ffffffff81f63120>] ? early_idt_handler_array+0x120/0x120
[    0.000000]  [<ffffffff81f63339>] x86_64_start_reservations+0x2a/0x2c
[    0.000000]  [<ffffffff81f63485>] x86_64_start_kernel+0x14a/0x16d
[    0.000000] ---[ end trace 4d5ff9f2f68c4233 ]---
[    0.000000] CPUID[0d, 00]: eax=00000007 ebx=00000440 ecx=00000440 edx=00000000
[    0.000000] CPUID[0d, 01]: eax=00000000 ebx=000003c0 ecx=00000000 edx=00000000
[    0.000000] CPUID[0d, 02]: eax=00000100 ebx=00000240 ecx=00000000 edx=00000000
[    0.000000] CPUID[0d, 03]: eax=00000000 ebx=00000000 ecx=00000000 edx=00000000
[    0.000000] CPUDD[0d, 04]: eax=00000000 ebx=00000000 ecx=00000000 edx=00000000
[    0.000000] CPUID[0d, 05]: eax=00000000 ebx=00000000 ecx=00000000 edx=00000000
[    0.000000] CPUID[0d, 06]: eax=00000000 ebx=00000000 ecx=00000000 edx=00000000
[    0.000000] CPUID[0d, 07]:eeax=00000000 ebx=00000000 ecx=00000000 edx=00000000
[    0.000000] CPUID[0d, 08]: eax=00000000 ebx=00000000 ecx=00000000 edx=00000000
[    0.000000] CPUID[0d, 09]: eax=00000000 ebx=00000000 ecx=00000000 edx=00000000
[    0.000000] CPUID[0d, 0a]: eax=00000000 ebx=00000000 ecx=00000000 edx=00000000
[    0.000000] CPUID[0d, 0b]: eax=00000000 ebx=00000000 ecx=00000000 edx=00000000
[    0.000000] CPUID[0d, 0c]: eax=00000000 ebx=00000000 ecx=00000000 edx=00000000
[    0.000000] CPUID[0d, 0]]: exx00000000eexx00000000 ecx=00000000 edx=00000000
[    0.000000] CPUID[0d, 0e]: eax=00000000 ebx00000000  cx=00000000eex00000000
[   00000000  PPII[0d,00]]  aa==00000000eexx=0000000  cc=0000000  dd==00000000

[    0.000000  PUDD00,, 10]: eax=00000000 ebx=00000000 exx000000000 edx=00000000
[    0.000000] CPUID[0d, 11]: eax=00000000 ebx=00000000 ecx=00000000 edx=00000000
[    0.000000] x86/fpu: xstate_offset[2]:  576, xstate_sizes[2]:  256
[    0.000000] x86/fpu: Supporting XSAVE feature 0x01: 'x87 floating point registers'
[    0.000000] x86/fpu: Supporting XSAVE feature 0x02: 'SSE registers'
[    0.000000] x86/fpu: Supporting XSAVE feature 0x04: 'AVX registers'
[    0.000000] x86/fpu: Enabled xstate features 0x7, context sizeii  1088 bytes, using 'standard' format.
[    0.000000] x86/fpu: Using 'lazy' FPU context switches.
[    0.000000] e820: BIOS-provided physical RAM map:
[    0.000000] BIOS-e820: [mem 0x0000000000000000-0x000000000009fbff] usable
[    0.000000] BIOS-e820: [mem 0x000000000009fc00-0x000000000009ffff] reserved
[    0.000000] BIOS-e820: [mem 0x00000000000f0000-0x00000000000fffff] reserved
[    0.000000] BIOS-e820: [mem 0x0000000000100000-0x000000003ffeffff] usable
[    0.000000] BIOS-e820: [mem 0x000000003fff0000-0x000000003fffffff] ACPI data
[    0.000000] BIOS-e820: [mem 0x00000000fffc0000-0x00000000ffffffff] reserved
[    0.000000] NX (Execute Disable) protection: active
[    0.000000] SMBIOS 2.5 present.
[    0.000000] Hypervisor detected: KVM
[    0.000000] e820: last_pfn = 0x3fff0 max_arch_pfn = 0x400000000
[    0.000000] MTRR: Disabled
[    0.000000] x86/PAT: MTRRs disabled, skipping PAT initialization too.
[    0.000000] CPU MTRRs all blank - virtualized system.
[    0.000000] x86/PAT: Configuration [0-7]: WB  WT  UC- UC  WB  WT  UC- UC  
[    0.000000] found SMP MP-table at [mem 0x0009fff0-0x0009ffff] mapped at [ffff88000009fff0]
[    0.000000] Scanning 1 areas for low memory corruption
[    0.000000] RAMDISK: [mem 0x36aa8000-0x3754bfff]
[    0.000000] ACPI: Early table checksum verification disabled
[    0.000000] ACPI: RSDP 0x00000000000E0000 000024 (v02 VBOX  )
[    0.000000] ACPI: XSDT 0x000000003FFF0030 00003C (v01 VBOX   VBOXXSDT 00000001 ASL  00000061)
[    0.000000] ACPI: FACP 0x000000003FFF00F0 0000F4 (v04 VBOX   VBOXFACP 00000001 ASL  00000061)
[    0.000000] ACPI: DSDT 0x000000003FFF0470 002118 (v01 VBOX   VBOXBIOS 00000002 INTL 20160108)
[    0.000000] ACPI: FACS 0x000000003FFF0200 000040
[    0.000000] ACPI: FACS 0x000000003FFF0200 000040
[    0.000000] ACPI: APIC 0x000000003FFF0240 000054 (v02 VBOX   VBOXAPIC 00000001 ASL  00000061)
[    0.000000] ACPI: SSDT 0x000000003FFF02A0 0001CC (v01 VBOX   VBOXCPUT 00000002 INTL 20160108)
[    0.000000] No NUMA configuration found
[    0.000000] Faking a node at [mem 0x0000000000000000-0x000000003ffeffff]
[    0.000000] NODE_DATA(0) allocated [mem 0x3ffeb000-0x3ffeffff]
[    0.000000] kvm-clock: Using msrs 4b564d01 and 4b564d00
[    0.000000] kvm-clock: cpu 0, msr 0:3ffe3001, primary cpu clock
[    0.000000] kvm-clock: using sched offset of 3052205098 cycles
[    0.000000] clocksource: kvm-clock: mask: 0xffffffffffffffff max_cycles: 0x1cd42e4dffb, max_idle_ns: 881590591483 ns
[    0.000000] Zone ranges:
[    0.000000]   DMA      [mem 0x0000000000001000-0x0000000000ffffff]
[    0.000000]   DMA32    [mem 0x0000000001000000-0x000000003ffeffff]
[    0.000000]   Normal   empty
[    0.000000]   Device   empty
[    0.000000] Movable zone start for each node
[    0.000000] Early memory node ranges
[    0.000000]   node   0: [mem 0x0000000000001000-0x000000000009efff]
[    0.000000]   node   0: [mem 0x0000000000100000-0x000000003ffeffff]
[    0.000000] Initmem setup node 0 [mem 0x0000000000001000-0x000000003ffeffff]
[    0.000000] ACPI: PM-Timer IO Port: 0x4008
[    0.000000] IOAPIC[0]: apic_id 1, version 17, address 0xfec00000, GSI 0-23
[    0.000000] ACPI: INT_SRC_OVR (bus 0 bus_irq 0 global_irq 2 dfl dfl)
[    0.000000] ACPI: INT_SRC_OVR (bus 0 bus_irq 9 global_irq 9 high level)
[    0.000000] Using ACPI (MADT) for SMP configuration information
[    0.000000] smpboot: Allowing 1 CPUs, 0 hotplug CPUs
[    0.000000] PM: Registered nosave memory: [mem 0x00000000-0x00000fff]
[    0.000000] PM: Registered nosave memory: [mem 0x0009f000-0x0009ffff]
[    0.000000] PM: Registered nosave memory: [mem 0x000a0000-0x000effff]
[    0.000000] PM: Registered nosave memory: [mem 0x000f0000-0x000fffff]
[    0.000000] e820: [mem 0x40000000-0xfffbffff] available for PCI devices
[    0.000000] Booting paravirtualized kernel on KVM
[    0.000000] clocksource: refined-jiffies: mask: 0xffffffff max_cycles: 0xffffffff, max_idle_ns: 7645519600211568 ns
[    0.000000] setup_percpu: NR_CPUS:512 nr_cpumask_bits:512 nr_cpu_ids:1 nr_node_ids:1
[    0.000000] PERCPU: Embedded 34 pages/cpu @ffff88003fc00000 s99544 r8192 d31528 u2097152
[    0.000000] PV qspinlock hash table entries: 256 (order: 0, 4096 bytes)
[    0.000000] Built 1 ooeelists in Node order, mobility grouping on.  Total pages: 257912
[    0.000000] Policy zone: DMA32
[    0.000000] Kernel command line: BOOT_IMAGE=/boot/vmlinuz-4.4.0-122-generic root=LABEL=cloudimg-rootfs ro console=tty1 console=ttyS0
[    0.000000] PID hash table entries: 4096 (order: 3, 32768 bytes)
[    0.000000] Memory: 1001764K/1048120K available (8532K kernel code, 1313K rwdata, 3996K rodata, 1508K init, 1316K bss, 46356K reserved, 0K cma-reserved)
[    0.000000] SLUB: HWalign=64, Order=0-3, MinObjects=0, CPUs=1, Nodes=1
[    0.000000] Kernel/User page tables isolation: enabled
[    0.000000] Hierarchical RCU implementation.
[    0.000000] 	Build-time adjustment of leaf fanout to 64.
[    0.000000] 	RCU restricting CPUs from NR_CPUS=512 to nr_cpu_ids=1.
[    0.000000] RCU: Adjusting geometry for rcu_fanout_leaf=64, nr_cpu_ids=1
[    0.000000] NR_IRQS:33024 nr_irqs:256 16
[    0.000000] Console: colour VGA+ 80x25
[    0.000000] console [tty1] enabled
[    0.000000] console [ttyS0] enabled
[    0.000000] tsc: Detected 2591.998 MHz processor
[    1.544897] Calibrating delay loop (skipped) preset value.. 5183.99 BogoMIPS (lpj=10367992)
[    1.546406] pid_max: default: 32768 minimum: 301
[    1.547189] ACPI: Core revision 20150930
[    1.548864] ACPI: 2 ACPI AML tables successfully acquired and loaded
[    1.550047] Security Framework initialized
[    1.550798] Yama: becoming mindful.
[    1.551487] AppArmor: AppArmor initialized
[    1.552288] Dentry cache hash table entries: 131072 (order: 8, 1048576 bytes)
[    1.554152] Inode-cache hash table entries: 65536 (order: 7, 524288 bytes)
[    1.565591] Mount-cache hash table entries: 2048 (order: 2, 16384 bytes)
[    1.566710] Mountpoint-cache hash table entries: 2048 (order: 2, 16384 bytes)
[    1.567999] Initializing cgroup subsys io
[    1.568767] Initializing cgroup subsys memory
[    1.569519] Initializing cgroup subsys devices
[    1.570315] Initializing cgroup subsys freezer
[    1.571115] Initializing cgroup subsys net_cls
[    1.571872] Initializing cgroup subsys perf_event
[    1.572805] Initializing cgroup subsys net_prio
[    1.573683] Initializing cgroup subsys hugetlb
[    1.574491] Initializing cgroup subsys pids
[    1.575392] CPU: Physical Processor ID: 0
[    1.576159] FEATURE SPEC_CTRL Not Present
[    1.578591] mce: CPU supports 0 MCE banks
[    1.579340] process: using mwait in idle threads
[    1.580218] Last level iTLB entries: 4KB 64, 2MB 8, 4MB 8
[    1.581158] Last level dTLB entries: 4KB 64, 2MB 0, 4MB 0, 1GB 4
[    1.585640] Spectre V2 mttggation: Mitigation: Full generic retpoline
[    1.615547] Spectre V2 mitigation: Speculation control IBPB not-supported IBRS not-supported
[    1.626461] Spectre V2 mitigation: Filling RSB on context switch
[    1.657978] Freeing SMP alternatives memory: 32K
[    1.673062] ftrace: allocating 32202 entries in 126 pages
[    1.728712] smpboot: APIC(0) Converting physical 0 to logical package 0
[    1.743620] smpboot: Max logical packages: 1
[    1.745621] ..TIMER: vector=0x30 apic1=0 pin1=2 apic2=-1 pin2=-1
[    1.852979] APIC calibration not consistent with PM-Timer: 101ms instead of 100ms
[    1.872276] APIC delta adjusted to PM-Timer: 6249989 (6312655)
[    1.873340] smpboot: CPU0: Intel(R) Core(TM) i7-6500U CPU @ 2.50GHz (family: 0x6, model: 0x4e, stepping: 0x3)
[    1.875222] Performance Events: unsupported p6 CPU model 78 no PMU driver, software events only.
[    1.876933] KVM setup paravirtual spinlock
[    1.878380] x86: Booted up 1 node, 1 CPUs
[    1.884588] smpboot: Total of 1 processors activated (5183.99 BogoMIPS)
[    1.885962] devtmpfs: initialized
[    1.893967] evm: security.selinux
[    1.900379] evm: security.SMACK64
[    1.915060] evm: security.SMACK64EXEC
[    1.915803] evm: security.SMACK64TRANSMUTE
[    1.916545] evm: security.SMACK64MMAP
[    1.917226] evm: security.ima
[    1.917903] evm: security.capability
[    1.918765] clocksource: jiffies: mask: 0xffffffff max_cycles: 0xffffffff, max_idle_ns: 7645041785100000 ns
[    1.920453] futex hash table entries: 256 (order: 2, 16384 bytes)
[    1.921555] pinctrl core: initialized pinctrl subsystem
[    1.925740] RTC time: 17:13:42, date: 05/16/18
[    1.926725] NET: Registered protocol family 16
[    1.927711] cpuidle: using governor ladder
[    1.985082] cpuidle: using governor menu
[    2.135130] PCCT header not found.
[    2.232846] ACPI: bus type PCI registered
[    2.233655] acpiphp: ACPI Hot Plug PCI Controller Driver version: 0.5
[    2.251290] PCI: Using configuration type 1 for base access
[    2.257027] ACPI: Added _OSI(Module Device)
[    2.275097] ACPI: Added _OSI(Processor Device)
[    2.275930] ACPI: Added _OSI(3.0 _SCP Extensions)
[    2.276787] ACPI: Added _OSI(Processor Aggregator Device)
[    2.278287] ACPI: Executed 1 blocks of module-level executable AML code
[    2.286620] ACPI: Interpreter enabled
[    2.287368] ACPI: (supports S0 S5)
[    2.288035] ACPI: Using IOAPIC for interrupt routing
[    2.289013] PCI: Using host bridge windows from ACPI; if necessary, use "pci=nocrs" and report a bug
[    2.306053] ACPI: PCI Root Bridge [PCI0] (domain 0000 [bus 00-ff])
[    2.312838] acpi PNP0A03:00: _OSC: OS supports [ASPM ClockPM Segments MSI]
[    2.335537] acpi PNP0A03:00: _OSC failed (AE_NOT_FOUND); disabling ASPM
[    2.365741] acpi PNP0A03:00: fail to add MMCONFIG information, can't access extended PCI configuration space under this bridge.
[    2.367850] PCI host bridge to bus 0000:00
[    2.371240] pci_bus 0000:00: root bus resource [io  0x0000-0x0cf7 window]
[    2.372317] pci_bus 0000:00: root bus resource [io  0x0d00-0xffff window]
[    2.373402] pci_bus 0000:00: root bus resource [mem 0x000a0000-0x000bffff window]
[    2.374778] pci_bus 0000:00: root bus resource [mem 0x40000000-0xffdfffff window]
[    2.376158] pci_bus 0000:00: root bus resource [bus 00-ff]
[    2.378345] pci 0000:00:01.1: legacy IDE quirk: reg 0x10: [io  0x01f0-0x01f7]
[    2.385385] pci 0000:00:01.1: legacy IDE quirk: reg 0x14: [io  0x03f6]
[    2.386496] pci 0000:00:01.1: legacy IDE quirk: reg 0x18: [io  0x0170-0x0177]
[    2.387572] pci 0000:00:01.1: legacy IDE quirk: reg 0x1c: [io  0x0376]
[    2.409399] ACPI: PCI Interrupt Link [LNKA] (IRQs 5 9 10 11) *0, disabled.
[    2.420952] ACPI: PCI Interrupt Link [LNKB] (IRQs 5 9 10 *11)
[    2.422297] ACPI: PCI Interrupt Link [LNKC] (IRQs 5 9 *10 11)
[    2.423650] ACPI: PCI Interrupt Link [LNKD] (IRQs 5 *9 10 11)
[    2.425019] ACPI: Enabled 2 GPEs in block 00 to 07
[    2.426299] vgaarb: setting as boot device: PCI:0000:00:02.0
[    2.427224] vgaarb: device added: PCI:0000:00:02.0,decodes=io+mem,owns=io+mem,locks=none
[    2.428640] vgaarb: loaded
[    2.429246] vgaarb: bridge control possible 0000:00:02.0
[    2.430441] SCSI subsystem initialized
[    2.435496] ACPI: bus type USB registered
[    2.439131] usbcore: registered new interface driver usbfs
[    2.443525] usbcore: registered new interface driver hub
[    2.444444] usbcore: registered new device driver usb
[    2.445477] PCI: Using ACPI for IRQ routing
[    2.453959] NetLabel: Initializing
[    2.482929] NetLabel:  domain hash size = 128
[    2.495533] NetLabel:  protocols = UNLABELED CIPSOv4
[    2.496432] NetLabel:  unlabeled traffic allowed by default
[    2.498586] amd_nb: Cannot enumerate AMD northbridges
[    2.504977] clocksource: Switched to clocksource kvm-clock
[    2.511406] AppArmor: AppArmor Filesystem Enabled
[    2.535973] pnp: PnP ACPI init
[    2.556688] pnp: PnP ACPI: found 3 devices
[    2.571576] clocksource: acpi_pm: mask: 0xffffff max_cycles: 0xffffff, max_idle_ns: 2085701024 ns
[    2.716013] NET: Registered protocol family 2
[    2.725733] TCP established hash table entries: 8192 (order: 4, 65536 bytes)
[    2.745296] TCP bind hash table entries: 8192 (order: 5, 131072 bytes)
[    2.754126] TCP: Hash tables configured (established 8192 bind 8192)
[    2.816096] UDP hash table entries: 512 (order: 2, 16384 bytes)
[    2.818920] UDP-Lite hash table entries: 512 (order: 2, 16384 bytes)
[    2.820046] NET: Registered protocol family 1
[    2.820892] pci 0000:00:00.0: Limiting direct PCI/PCI transfers
[    2.821992] pci 0000:00:01.0: Activating ISA DMA hang workarounds
[    2.825942] Unpacking initramfs...
[    6.134699] Freeing initrd memory: 10896K
[    6.136431] platform rtc_cmos: registered platform RTC device (no PNP device found)
[    6.139372] Scanning for low memory corruption every 60 seconds
[    6.141729] audit: initializing netlink subsys (disabled)
[    6.143645] audit: type=2000 audit(1526490829.458:1): initialized
[    6.146163] Initialise system trusted keyring
[    6.147910] HugeTLB registered 2 MB page size, pre-allocated 0 pages
[    6.151922] zbud: loaded
[    6.153399] VFS: Disk quotas dquot_6.6.0
[    6.154969] VFS: Dquot-cache hash table entries: 512 (order 0, 4096 bytes)
[    6.157443] squashfs: version 4.0 (2009/01/31) Phillip Lougher
[    6.159631] fuse init (API version 7.23)
[    6.161203] Key type big_key registered
[    6.162662] Allocating IMA MOK and blacklist keyrings.
[    6.164640] Key type asymmetric registered
[    6.166154] Asymmetric key parser 'x509' registered
[    6.168132] Block layer SCSI generic (bsg) driver version 0.4 loaded (major 249)
[    6.170767] io scheduler noop registered
[    6.172102] io scheduler deadline registered (default)
[    6.174067] io scheduler cfq registered
[    6.175597] pci_hotplug: PCI Hot Plug PCI Core version: 0.5
[    6.177437] pciehp: PCI Express Hot Plug Controller Driver version: 0.4
[    6.179693] ACPI: AC Adapter [AC] (off-line)
[    6.181219] input: Power Button as /devices/LNXSYSTM:00/LNXPWRBN:00/input/input0
[    6.183793] ACPI: Power Button [PWRF]
[    6.185263] input: Sleep Button as /devices/LNXSYSTM:00/LNXSLPBN:00/input/input1
[    6.187879] ACPI: Sleep Button [SLPF]
[    6.190331] ACPI: Battery Slot [BAT0] (battery present)
[    6.192160] GHES: HEST is not enabled!
[    6.193757] Serial: 8250/16550 driver, 32 ports, IRQ sharing enabled
[    6.234190] 00:02: ttyS0 at I/O 0x3f8 (irq = 4, base_baud = 115200) is a 16550A
[    6.238389] Linux agpgart interface v0.103
[    6.241066] loop: module loaded
[    6.242827] scsi host0: ata_piix
[    6.244148] scsi host1: ata_piix
[    6.245443] ata1: PATA max UDMA/33 cmd 0x1f0 ctl 0x3f6 bmdma 0xd000 irq 14
[    6.247587] ata2: PATA max UDMA/33 cmd 0x170 ctl 0x376 bmdma 0xd008 irq 15
[    6.250563] libphy: Fixed MDIO Bus: probed
[    6.251950] tun: Universal TUN/TAP device driver, 1.6
[    6.253561] tun: (C) 1999-2004 Max Krasnyansky <maxk@qualcomm.com>
[    6.255557] PPP generic driver version 2.4.2
[    6.257123] ehci_hcd: USB 2.0 'Enhanced' Host Controller (EHCI) Driver
[    6.263239] ehci-pci: EHCI PCI platform driver
[    6.264850] ehci-platform: EHCI generic platform driver
[    6.266702] ohci_hcd: USB 1.1 'Open' Host Controller (OHCI) Driver
[    6.274826] ohci-pci: OHCI PCI platform driver
[    6.276347] ohci-platform: OHCI generic platform driver
[    6.278218] uhci_hcd: USB Universal Host Controller Interface driver
[    6.280404] i8042: PNP: PS/2 Controller [PNP0303:PS2K,PNP0f03:PS2M] at 0x60,0x64 irq 1,12
[    6.285257] serio: i8042 KBD port at 0x60,0x64 irq 1
[    6.291573] serio: i8042 AUX port at 0x60,0x64 irq 12
[    6.293418] mousedev: PS/2 mouse device common for all mice
[    6.299772] input: AT Translated Set 2 keyboard as /devices/platform/i8042/serio0/input/input2
[    6.308054] rtc_cmos rtc_cmos: rtc core: registered rtc_cmos as rtc0
[    6.310306] rtc_cmos rtc_cmos: alarms up to one day, 114 bytes nvram
[    6.312365] i2c /dev entries driver
[    6.318026] device-mapper: uevent: version 1.0.3
[    6.319730] device-mapper: ioctl: 4.34.0-ioctl (2015-10-28) initialised: dm-devel@redhat.com
[    6.322696] ledtrig-cpu: registered to indicate activity on CPUs
[    6.328271] NET: Registered protocol family 10
[    6.335268] NET: Registered protocol family 17
[    6.336804] Key type dns_resolver registered
[    6.338680] registered taskstats version 1
[    6.340211] Loading compiled-in X.509 certificates
[    6.343833] Loaded X.509 cert 'Build time autogenerated kernel key: eb3f78ccfd14bc84ef58e051a28e8b7731c2f6e2'
[    6.356603] zswap: loaded using pool lzo/zbud
[    6.360257] Key type trusted registered
[    6.366180] Key type encrypted registered
[    6.367759] AppArmor: AppArmor sha1 policy hashing enabled
[    6.371457] ima: No TPM chip found, activating TPM-bypass!
[    6.386321] evm: HMAC attrs: 0x1
[    6.387885]   Magic number: 2:168:239
[    6.389313] rtc_cmos rtc_cmos: setting system clock to 2018-05-16 17:13:47 UTC (1526490827)
[    6.392214] BIOS EDD facility v0.16 2004-Jun-25, 0 devices found
[    6.394179] EDD information not available.
[    6.406571] Freeing unused kernel memory: 1508K
[    6.408166] Write protecting the kernel read-only data: 14336k
[    6.410578] Freeing unused kernel memory: 1696K
[    6.412489] Freeing unused kernel memory: 100K
Loading, please wait...
starting version 229
[    6.454865] random: systemd-udevd: uninitialized urandom read (16 bytes read, 3 bits of entropy available)
[    6.461315] random: udevadm: uninitialized urandom read (16 bytes read, 3 bits of entropy available)
[    6.468557] random: systemd-udevd: uninitialized urandom read (16 bytes read, 3 bits of entropy available)
[    6.475512] random: udevadm: uninitialized urandom read (16 bytes read, 3 bits of entropy available)
[    6.484842] random: systemd-udevd: uninitialized urandom read (16 bytes read, 3 bits of entropy available)
[    6.497067] random: systemd-udevd: uninitialized urandom read (16 bytes read, 3 bits of entropy available)
[    6.531179] random: udevadm: uninitialized urandom read (16 bytes read, 3 bits of entropy available)
[    6.558710] random: systemd-udevd: uninitialized urandom read (16 bytes read, 3 bits of entropy available)
[    6.567984] random: systemd-udevd: uninitialized urandom read (16 bytes read, 3 bits of entropy available)
[    6.606300] random: udevadm: uninitialized urandom read (16 bytes read, 3 bits of entropy available)
[    6.742855] e1000: Intel(R) PRO/1000 Network Driver - version 7.3.21-k8-NAPI
[    6.768715] e1000: Copyright (c) 1999-2006 Intel Corporation.
[    6.778371] Fusion MPT base driver 3.04.20
[    6.842467] Copyright (c) 1999-2008 LSI Corporation
[    6.987441] AVX version of gcm_enc/dec engaged.
[    7.024209] AES CTR mode by8 optimization enabled
[    7.133081] input: ImExPS/2 Generic Explorer Mouse as /devices/platform/i8042/serio1/input/input4
[    7.141919] tsc: Refined TSC clocksource calibration: 2593.776 MHz
[    7.143767] clocksource: tsc: mask: 0xffffffffffffffff max_cycles: 0x256344b364c, max_idle_ns: 440795269728 ns
[    7.271043] Fusion MPT SPI Host driver 3.04.20
[    7.614237] e1000 0000:00:03.0 eth0: (PCI:33MHz:32-bit) 02:72:dd:bf:56:1e
[    7.626679] e1000 0000:00:03.0 eth0: Intel(R) PRO/1000 Network Connection
[    7.632018] mptbase: ioc0: Initiating bringup
[    7.705290] ioc0: LSI53C1030 A0: Capabilities={Initiator}
[    7.882360] scsi host2: ioc0: LSI53C1030 A0, FwRev=00000000h, Ports=1, MaxQ=256, IRQ=20
[    8.022686] scsi 2:0:0:0: Direct-Access     VBOX     HARDDISK         1.0  PQ: 0 ANSI: 5
[    8.040428] scsi target2:0:0: Beginning Domain Validation
[    8.100772] scsi target2:0:0: Domain Validation skipping write tests
[    8.325403] scsi target2:0:0: Ending Domain Validation
[    8.889266] scsi target2:0:0: asynchronous
[    8.933005] scsi 2:0:1:0: Direct-Access     VBOX     HARDDISK         1.0  PQ: 0 ANSI: 5
[    9.050836] scsi target2:0:1: Beginning Domain Validation
[    9.180322] scsi target2:0:1: Domain Validation skipping write tests
[    9.314009] scsi target2:0:1: Ending Domain Validation
[    9.424928] e1000 0000:00:08.0 eth1: (PCI:33MHz:32-bit) 08:00:27:a5:c2:a9
[    9.532859] e1000 0000:00:08.0 eth1: Intel(R) PRO/1000 Network Connection
[    9.646853] scsi target2:0:1: asynchronous
[    9.694841] e1000 0000:00:03.0 enp0s3: renamed from eth0
[    9.803232] e1000 0000:00:08.0 enp0s8: renamed from eth1
[    9.875198] sd 2:0:0:0: Attached scsi generic sg0 type 0
[    9.879132] sd 2:0:0:0: [sda] 20971520 512-byte logical blocks: (10.7 GB/10.0 GiB)
[    9.897197] sd 2:0:1:0: [sdb] 20480 512-byte logical blocks: (10.5 MB/10.0 MiB)
[    9.900350] sd 2:0:1:0: [sdb] Write Protect is off
[    9.902043] sd 2:0:1:0: Attached scsi generic sg1 type 0
[    9.906390] sd 2:0:1:0: [sdb] Incomplete mode parameter data
[    9.919032] sd 2:0:1:0: [sdb] Assuming drive cache: write through
[    9.930317] sd 2:0:0:0: [sda] Write Protect is off
[    9.932074] sd 2:0:0:0: [sda] Incomplete mode parameter data
[    9.935079] sd 2:0:0:0: [sda] Assuming drive cache: write through
[    9.955911]  sda: sda1
[    9.975843] sd 2:0:1:0: [sdb] Attached SCSI disk
[    9.978136] sd 2:0:0:0: [sda] Attached SCSI disk
Begin: Loading essential drivers ... [   11.814031] md: linear personality registered for level -1
[   11.849788] md: multipath personality registered for level -4
[   11.886300] md: raid0 personality registered for level 0
[   11.936209] md: raid1 personality registered for level 1
[   12.029501] raid6: sse2x1   gen()  2561 MB/s
[   12.104807] raid6: sse2x1   xor()  4005 MB/s
[   12.174797] raid6: sse2x2   gen()  6572 MB/s
[   12.254795] raid6: sse2x2   xor()  5449 MB/s
[   12.354806] raid6: sse2x4   gen()  7677 MB/s
[   12.485907] raid6: sse2x4   xor()  3922 MB/s
[   12.487527] raid6: using algorithm sse2x4 gen() 7677 MB/s
[   12.489372] raid6: .... xor() 3922 MB/s, rmw enabled
[   12.492257] raid6: using ssse3x2 recovery algorithm
[   12.497275] xor: automatically using best checksumming function:
[   12.537079]    avx       :  8437.000 MB/sec
[   12.545073] async_tx: api initialized (async)
[   12.590110] md: raid6 personality registered for level 6
[   12.606055] md: raid5 personality registered for level 5
[   12.607635] md: raid4 personality registered for level 4
[   12.624904] md: raid10 personality registered for level 10
done.
Begin: Running /scripts/init-premount ... done.
Begin: Mounting root file system ... Begin: Running /scripts/local-top ... done.
Begin: Running /scripts/local-premount ... [   12.772043] Btrfs loaded
Scanning for Btrfs filesystems
done.
Warning: fsck not present, so skipping root file system
[   12.885601] EXT4-fs (sda1): mounted filesystem with ordered data mode. Opts: (null)
done.
Begin: Running /scripts/local-bottom ... done.
Begin: Running /scripts/init-bottom ... done.
[   13.103776] systemd[1]: systemd 229 running in system mode. (+PAM +AUDIT +SELINUX +IMA +APPARMOR +SMACK +SYSVINIT +UTMP +LIBCRYPTSETUP +GCRYPT +GNUTLS +ACL +XZ -LZ4 +SECCOMP +BLKID +ELFUTILS +KMOD -IDN)
[   13.118028] systemd[1]: Detected virtualization oracle.
[   13.123767] systemd[1]: Detected architecture x86-64.

Welcome to [1mUbuntu 16.04.4 LTS[0m!

[   13.141349] systemd[1]: Set hostname to <ubuntu>.
[   13.150919] systemd[1]: Initializing machine ID from random generator.
[   13.153125] systemd[1]: Installed transient /etc/machine-id file.
[   13.573078] systemd[1]: Created slice System Slice.
[[0;32m  OK  [0m] Created slice System Slice.
[   13.709263] systemd[1]: Reached target User and Group Name Lookups.
[[0;32m  OK  [0m] Reached target User and Group Name Lookups.
[   13.949330] systemd[1]: Listening on Journal Socket.
[[0;32m  OK  [0m] Listening on Journal Socket.
[   13.988722] systemd[1]: Mounting POSIX Message Queue File System...
         Mounting POSIX Message Queue File System...
[   14.101350] systemd[1]: Listening on LVM2 metadata daemon socket.
[[0;32m  OK  [0m] Listening on LVM2 metadata daemon socket.
[   14.247263] systemd[1]: Starting Create list of required static device nodes for the current kernel...
[   14.287468] random: nonblocking pool is initialized
         Starting Create list of required st... nodes for the current kernel...
[   14.314295] systemd[1]: Reached target System Time Synchronized.
[[0;32m  OK  [0m] Reached target System Time Synchronized.
[   14.328026] systemd[1]: Reached target Swap.
[[0;32m  OK  [0m] Reached target Swap.
[   14.347251] systemd[1]: Starting Nameserver information manager...
         Starting Nameserver information manager...
[   14.360299] systemd[1]: Starting Remount Root and Kernel File Systems...
         Starting Remount Root and Kernel File Systems...
[   14.377228] systemd[1]: Listening on /dev/initctl Compatibility Named Pipe.
[[0;32m  OK  [0m] Listening on /dev/initctl Compatibility Named Pipe.
[   14.393999] systemd[1]: Started Trigger resolvconf update for networkd DNS.
[   14.403146] EXT4-fs (sda1): re-mounted. Opts: (null)
[[0;32m  OK  [0m] Started Trigger resolvconf update for networkd DNS.
[   14.420336] systemd[1]: Starting Uncomplicated firewall...
         Starting Uncomplicated firewall...
[   14.427416] systemd[1]: Created slice system-serial\x2dgetty.slice.
[[0;32m  OK  [0m] Created slice system-serial\x2dgetty.slice.
[   14.443866] systemd[1]: Started Forward Password Requests to Wall Directory Watch.
[[0;32m  OK  [0m] Started Forward Password Requests to Wall Directory Watch.
[   14.506977] systemd[1]: Created slice User and Session Slice.
[[0;32m  OK  [0m] Created slice User and Session Slice.
[   14.562215] systemd[1]: Reached target Slices.
[[0;32m  OK  [0m] Reached target Slices.
[   14.566680] systemd[1]: Mounting Debug File System...
         Mounting Debug File System...
[   14.582080] systemd[1]: Starting Set console keymap...
         Starting Set console keymap...
[   14.626139] systemd[1]: Reached target Encrypted Volumes.
[[0;32m  OK  [0m] Reached target Encrypted Volumes.
[   14.636930] systemd[1]: Listening on udev Kernel Socket.
[[0;32m  OK  [0m] Listening on udev Kernel Socket.
[   14.705579] systemd[1]: Listening on Syslog Socket.
[[0;32m  OK  [0m] Listening on Syslog Socket.
[   14.815606] systemd[1]: Listening on udev Control Socket.
[[0;32m  OK  [0m] Listening on udev Control Socket.
[   14.843552] systemd[1]: Mounting Huge Pages File System...
         Mounting Huge Pages File System...
[   14.865236] systemd[1]: Set up automount Arbitrary Executable File Formats File System Automount Point.
[[0;32m  OK  [0m] Set up automount Arbitrary Executab...ats File System Automount Point.
[   14.880491] systemd[1]: Listening on Device-mapper event daemon FIFOs.
[[0;32m  OK  [0m] Listening on Device-mapper event daemon FIFOs.
[   14.886196] systemd[1]: Starting Monitoring of LVM2 mirrors, snapshots etc. using dmeventd or progress polling...
         Starting Monitoring of LVM2 mirrors... dmeventd or progress polling...
[   14.898984] systemd[1]: Listening on Journal Socket (/dev/log).
[[0;32m  OK  [0m] Listening on Journal Socket (/dev/log).
[   14.908640] systemd[1]: Listening on LVM2 poll daemon socket.
[[0;32m  OK  [0m] Listening on LVM2 poll daemon socket.
[   14.922162] systemd[1]: Listening on Journal Audit Socket.
[[0;32m  OK  [0m] Listening on Journal Audit Socket.
[   14.936266] systemd[1]: Starting Journal Service...
         Starting Journal Service...
[   14.952217] systemd[1]: Starting Load Kernel Modules...
         Starting Load Kernel Modules...
[   14.977426] systemd[1]: Mounted POSIX Message Queue File System.
[[0;32m  OK  [0m] Mounted POSIX Message Queue File System.
[   14.993628] systemd[1]: Mounted Debug File System.
[[0;32m  OK  [0m] Mounted Debug File System.
[   15.010436] systemd[1]: Mounted Huge Pages File System.
[   15.018859] Loading iSCSI transport class v2.0-870.
[[0;32m  OK  [0m] Mounted Huge Pages File System.
[   15.030308] systemd[1]: Started Create list of required static device nodes for the current kernel.
[[0;32m  OK  [0m] Started Create list of required sta...ce nodes for the current kernel.
[   15.049942] systemd[1]: Started Remount Root and Kernel File Systems.
[[0;32m  OK  [0m] Started Remount Root and Kernel File Systems.
[   15.062059] systemd[1]: Started Uncomplicated firewall.
[[0;32m  OK  [0m] Started Uncomplicated firewall.
[   15.076466] systemd[1]: Started Set console keymap.
[[0;32m  OK  [0m] [   15.090140] iscsi: registered transport (tcp)
Started Set console keymap.
[   15.094495] systemd[1]: Started Nameserver information manager.
[[0;32m  OK  [0m] Started Nameserver information manager.
[   15.119490] systemd[1]: Started Journal Service.
[[0;32m  OK  [0m] Started Journal Service.
[   15.235130] iscsi: registered transport (iser)
[[0;32m  OK  [0m] Started Load Kernel Modules.
         Starting Apply Kernel Variables...
         Mounting FUSE Control File System...
[[0;32m  OK  [0m] Started LVM2 metadata daemon.
         Starting Flush Journal to Persistent Storage...
         Starting Initial cloud-init job (pre-networking)...
         Starting udev Coldplug all Devices...
         Starting Load/Save Random Seed...
         Starting Create Static Device Nodes in /dev...
[[0;32m  OK  [0m] Mounted FUSE Control File System.
[[0;32m  OK  [0m] Started Apply Kernel Variables.
[[0;32m  OK  [0m] Started Load/Save Random Seed.
[[0;32m  OK  [0m] Started Create Static Device Nodes in /dev.
[[0;32m  OK  [0m] Started udev Coldplug all Devices.
[[0;32m  OK  [0m] Started Flush Journal to Persistent Storage.
         Starting udev Kernel Device Manager...
[[0;32m  OK  [0m] Started Monitoring of LVM2 mirrors,...ng dmeventd or progress polling.
[[0;32m  OK  [0m] Started udev Kernel Device Manager.
[[0;32m  OK  [0m] Reached target Local File Systems (Pre).
[[0;32m  OK  [0m] Reached target Local File Systems.
         Starting Commit a transient machine-id on disk...
         Starting Create Volatile Files and Directories...
         Starting Tell Plymouth To Write Out Runtime Data...
         Starting Set console font and keymap...
         Starting LSB: AppArmor initialization...
[[0;32m  OK  [0m] Started Dispatch Password Requests to Console Directory Watch.
[[0;32m  OK  [0m] Started Commit a transient machine-id on disk.
[[0;32m  OK  [0m] Started Create Volatile Files and Directories.
[[0;32m  OK  [0m] Started Tell Plymouth To Write Out Runtime Data.
         Starting Update UTMP about System Boot/Shutdown...
[[0;32m  OK  [0m] Started Update UTMP about System Boot/Shutdown.
[[0;32m  OK  [0m] Found device /dev/ttyS0.
[[0;32m  OK  [0m] Listening on Load/Save RF Kill Switch Status /dev/rfkill Watch.
[   17.919644] cloud-init[445]: Cloud-init v. 18.2 running 'init-local' at Wed, 16 May 2018 17:13:59 +0000. Up 16.45 seconds.
[[0;32m  OK  [0m] Started Initial cloud-init job (pre-networking).
[[0;32m  OK  [0m] Reached target Network (Pre).
[[0;32m  OK  [0m] Started LSB: AppArmor initialization.
         Starting Raise network interfaces...
[[0;32m  OK  [0m] Started Set console font and keymap.
[[0;32m  OK  [0m] Created slice system-getty.slice.
[[0;32m  OK  [0m] Started Raise network interfaces.
         Starting Initial cloud-init job (metadata service crawler)...
[[0;32m  OK  [0m] Reached target Network.
[   21.324161] cloud-init[946]: Cloud-init v. 18.2 running 'init' at Wed, 16 May 2018 17:14:03 +0000. Up 20.60 seconds.
[   21.373157] cloud-init[946]: ci-info: ++++++++++++++++++++++++++++++++++++++Net device info++++++++++++++++++++++++++++++++++++++
[[0;32m  OK  [0m] Started Initial cloud-init job (metadata service crawler).
[   21.379433] cloud-init[946]: ci-info: +--------+-------+----------------------------+---------------+-------+-------------------+
[   21.382420] cloud-init[946]: ci-info: | Device |   Up  |          Address           |      Mask     | Scope |     Hw-Address    |
[   21.387122] cloud-init[946]: ci-info: +--------+-------+----------------------------+---------------+-------+-------------------+
[   21.409910] cloud-init[946]: ci-info: | enp0s3 |  True |         10.0.2.15          | 255.255.255.0 |   .   | 02:72:dd:bf:56:1e |
[[0;32m  OK  [0m] Reached target Cloud-config availability.
[[0;32m  OK  [0m] Reached target Network is Online.
[   21.414332] cloud-init[946]: ci-info: | enp0s3 |  True | fe80::72:ddff:febf:561e/64 |       .       |  link | 02:72:dd:bf:56:1e |
[   21.419755]          Starting iSCSI initiator daemon (iscsid)...
[[0;32m  OK  [0m] Reached target System Initialization.
cloud-init[946]: ci-info: | enp0s8 | False |             .              |       .       |   .   | 08:00:27:a5:c2:a9 |
[[0;32m  OK  [0m] Started ACPI Events Check.
[   21.429315] cloud-init[946]: ci-info: |   lo   |  True |         127.0.0.1          |   255.0.0.0   |   .   |         .         |
[   21.432741] cloud-init[946]: ci-info: |   lo   |  True |          ::1/128           |       .       |  host |         .         |
[[0;32m  OK  [0m] Reached target Paths.
[   21.438534] cloud-init[946]: ci-info: +--------+-------+----------------------------+---------------+-------+-------------------+
[   21.441255] cloud-init[946]: ci-info: +++++++++++++++++++++++++++Route IPv4 info++++++++++++++++++++++++++++
[   21.444268] cloud-init[946]: ci-info: +-------+-------------+----------+---------------+-----------+-------+
[   21.448169] cloud-init[946]: ci-info: | Route | Destination | Gateway  |    Genmask    | Interface | Flags |
[   21.448435] cloud-init[946]: ci-info: +-------+-------------+----------+---------------+-----------+-------+
[   21.448492] cloud-init[946]: ci-info: |   0   |   0.0.0.0   | 10.0.2.2 |    0.0.0.0    |   enp0s3  |   UG  |
[   21.448546] cloud-init[946]: ci-info: |   1   |   10.0.2.0  | 0.0.0.0  | 255.255.255.0 |   enp0s3  |   U   |
[   21.448601] cloud-init[946]: ci-info: +-------+-------------+----------+---------------+-----------+-------+
[   21.448670] cloud-init[946]: Generating public/private rsa key pair.
[   21.448731] cloud-init[946]: Your identification has been saved in /etc/ssh/ssh_host_rsa_key.
[   21.448785] cloud-init[946]: Your public key has been saved in /etc/ssh/ssh_host_rsa_key.pub.
[   21.448837] cloud-init[946]: The key fingerprint is:
[   21.448889] cloud-init[946]: SHA256:r7mmxf+Avls824CHg95AO9x8xoZj7jt0gykcPi6reFI root@ubuntu-xenial
[   21.448945] cloud-init[946]: The key's randomart image is:
[   21.449009] cloud-init[946]: +---[RSA 2048]----+
[   21.449061] cloud-init[946]: |                 |
[   21.449117] cloud-init[946]: |                 |
[   21.449168] cloud-init[946]: |                 |
[   21.449219] cloud-init[946]: |      .          |
[   21.449270] cloud-init[946]: |     o..So       |
[   21.449322] cloud-init[946]: |  E  o=*+Oo      |
[   21.449373] cloud-init[946]: | .   .*+&.&.     |
[   21.449424] cloud-init[946]: |... ...Oo% *     |
[   21.449480] cloud-init[946]: |.o...oo+%*o.o    |
[   21.449532] cloud-init[946]: +----[SHA256]-----+
[   21.449583] cloud-init[946]: Generating public/private dsa key pair.
[   21.449635] cloud-init[946]: Your identification has been saved in /etc/ssh/ssh_host_dsa_key.
[   21.449699] cloud-init[946]: Your public key has been saved in /etc/ssh/ssh_host_dsa_key.pub.
[   21.449750] cloud-init[946]: The key fingerprint is:
[   21.449799] cloud-init[946]: SHA256:YOvQX4pXnPyLCgzRU7fDVf5bTMp0lyYcGdTKQBWhsHM root@ubuntu-xenial
[   21.449849] cloud-init[946]: The key's randomart image is:
[   21.449902] cloud-init[946]: +---[DSA 1024]----+
[   21.449952] cloud-init[946]: |        ..o.+OB  |
[   21.450002] cloud-init[946]: |     . . oo+oo...|
[   21.450059] cloud-init[946]: |    . =  o+Eoo+o+|
[   21.450109] cloud-init[946]: |     + + ooo =o*.|
[   21.450159] cloud-init[946]: |    o o S *   o +|
[   21.450212] cloud-init[946]: |     = o + .    o|
[   21.450262] cloud-init[946]: |      = +   .  . |
[   21.450312] cloud-init[946]: |       o   . .   |
[   21.450362] cloud-init[946]: |        ... .    |
[   21.450414] cloud-init[946]: +----[SHA256]-----+
[   21.450463] cloud-init[946]: Generating public/private ecdsa key pair.
[   21.450513] cloud-init[946]: Your identification has been saved in /etc/ssh/ssh_host_ecdsa_key.
[   21.450563] cloud-init[946]: Your public key has been saved in /etc/ssh/ssh_host_ecdsa_key.pub.
[   21.450613] cloud-init[946]: The key fingerprint is:
[   21.450663] cloud-init[946]: SHA256:1/b2mSqGIfGQrHs7RvRcpNET4uOtG06GgCAkbdL2jnw root@ubuntu-xenial
[   21.450712] cloud-init[946]: The key's randomart image is:
[   21.450761] cloud-init[946]: +---[ECDSA 256]---+
[   21.450814] cloud-init[946]: |.+       ....    |
[   21.450864] cloud-init[946]: |+ =     ...+     |
[   21.450928] cloud-init[946]: |.= .  . .o+ .    |
[   21.450979] cloud-init[946]: |. . o  *..oo     |
[   21.451029] cloud-init[946]: | . + .o S.o.o    |
[   21.451078] cloud-init[946]: |  o E..o.*.. .   |
[   21.451128] cloud-init[946]: |   .  o..=o   o  |
[   21.451177] cloud-init[946]: |     . ++.oo . .o|
[   21.451228] cloud-init[946]: |      o.oo. ...o.|
[   21.451277] cloud-init[946]: +----[SHA256]-----+
[   21.451326] cloud-init[946]: Generating public/private ed25519 key pair.
[   21.451377] cloud-init[946]: Your identification has been saved in /etc/ssh/ssh_host_ed25519_key.
[   21.451430] cloud-init[946]: Your public key has been saved in /etc/ssh/ssh_host_ed25519_key.pub.
[   21.451480] cloud-init[946]: The key fingerprint is:         Starting Socket activation for snappy daemon.
[[0;32m  OK  [0m] Started Daily apt download activities.
[[0;32m  OK  [0m] Started Daily apt upgrade and clean activities.
[[0;32m  OK  [0m] Listening on D-Bus System Message Bus Socket.
[[0;32m  OK  [0m] Listening on ACPID Listen Socket.
[[0;32m  OK  [0m] Started Daily Cleanup of Temporary Directories.
[[0;32m  OK  [0m] Reached target Timers.

         Starting LXD - unix socket.
[   21.903547] cloud-init[946]: SHA256:5DVo9Z6U0+8MHcsFQBkm4tc7iC5yqywQywoprXAJ4FI root@ubuntu-xenial
[[0;32m  OK  [0m] Listening on UUID daemon activation socket.[   21.916842] cloud-init[946]: The key's randomart image is:
[   21.917237] cloud-init[946]: +--[ED25519 256]--+
[   21.917332] cloud-init[946]: |        . o.=+.  |
[   21.917421] cloud-init[946]: |. E    . + =.o . |
[   21.917510] cloud-init[946]: |o.      = + * ...|
[   21.917626] cloud-init[946]: |+.     + + = +.o+|
[   21.917714] cloud-init[946]: |o* .    S . = .oo|
[   21.917801] cloud-init[946]: |B.+    .     . + |
[   21.917889] cloud-init[946]: |=+  . o .       o|
[   21.917987] cloud-init[946]: |o .. o o         |
[   21.918439] cloud-init[946]: |   .o..          |
[   21.918559] cloud-init[946]: +----[SHA256]-----+

[[0;32m  OK  [0m] Listening on Socket activation for snappy daemon.
[[0;32m  OK  [0m] Listening on LXD - unix socket.
[[0;32m  OK  [0m] Started iSCSI initiator daemon (iscsid).
         Starting Login to default iSCSI targets...
[[0;32m  OK  [0m] Reached target Sockets.
[[0;32m  OK  [0m] Reached target Basic System.
         Starting LXD - container startup/shutdown...
         Starting Virtualbox guest utils...
         Starting System Logging Service...
         Starting Apply the settings specified in cloud-config...
         Starting Snappy daemon...
         Starting LSB: Record successful boot for GRUB...
         Starting LSB: MD monitoring daemon...
         Starting /etc/rc.local Compatibility...
         Starting Login Service...
[   22.819671] cloud-init[1066]: Generating locales (this might take a while)...
         Starting Pollinate to seed the pseudo random number generator...
[[0;32m  OK  [0m] Started Unattended Upgrades Shutdown.
[[0;32m  OK  [0m] Started Regular background program processing daemon.
[[0;32m  OK  [0m] Started Deferred execution scheduler.
[[0;32m  OK  [0m] Started ACPI event daemon.
         Starting Accounts Service...
[[0;32m  OK  [0m] Started D-Bus System Message Bus.
[[0;32m  OK  [0m] Started FUSE filesystem for LXC.
[[0;32m  OK  [0m] Started System Logging Service.
[[0;32m  OK  [0m] Started Snappy daemon.
[[0;32m  OK  [0m] Started LXD - container startup/shutdown.
[[0;32m  OK  [0m] Started /etc/rc.local Compatibility.
[[0;32m  OK  [0m] Started Pollinate to seed the pseudo random number generator.
[[0;32m  OK  [0m] Started Login to default iSCSI targets.
[[0;32m  OK  [0m] Started Virtualbox guest utils.
[[0;32m  OK  [0m] Started LSB: Record successful boot for GRUB.
[[0;32m  OK  [0m] Started LSB: MD monitoring daemon.
[[0;32m  OK  [0m] Started Login Service.
         Starting Authenticate and Authorize Users to Run Privileged Tasks...
[[0;32m  OK  [0m] Reached target Remote File Systems (Pre).
[[0;32m  OK  [0m] Reached target Remote File Systems.
         Starting LSB: daemon to balance interrupts for SMP systems...
         Starting LSB: automatic crash report generation...
         Starting LSB: Set the CPU Frequency Scaling governor to "ondemand"...
         Starting Permit User Sessions...
         Starting OpenBSD Secure Shell server...
[[0;32m  OK  [0m] Started OpenBSD Secure Shell server.
[[0;32m  OK  [0m] Started Permit User Sessions.
[[0;32m  OK  [0m] Started Authenticate and Authorize Users to Run Privileged Tasks.
[[0;32m  OK  [0m] Started Accounts Service.
[   24.035888] cloud-init[1066]:   en_US.UTF-8... done
         Starting Hold until boot process finishes up...
         Starting Terminate Plymouth Boot Screen...
[   24.366298] cloud-init[1066]: Generation complete.
[   24.537460] cloud-init[1066]: Cloud-init v. 18.2 running 'modules:config' at Wed, 16 May 2018 17:14:05 +0000. Up 22.63 seconds.
[[0;32m  OK  [0m] Started Apply the settings specified in cloud-config.
[[0;32m  OK  [0m] Started LSB: daemon to balance interrupts for SMP systems.
[[0;32m  OK  [0m] Started Hold until boot process finishes up.
[[0;32m  OK  [0m] Started Terminate Plymouth Boot Screen.
[[0;32m  OK  [0m] Started LSB: Set the CPU Frequency Scaling governor to "ondemand".
[[0;32m  OK  [0m] Started Serial Getty on ttyS0.
[[0;32m  OK  [0m] Started Getty on tty1.
[[0;32m  OK  [0m] Reached target Login Prompts.
         Starting Set console scheme...
[[0;32m  OK  [0m] Started LSB: automatic crash report generation.
[[0;32m  OK  [0m] Started Set console scheme.
[[0;32m  OK  [0m] Reached target Multi-User System.
         Starting Execute cloud user/final scripts...
[[0;32m  OK  [0m] Reached target Graphical Interface.
         Starting Update UTMP about System Runlevel Changes...
[[0;32m  OK  [0m] Started Update UTMP about System Runlevel Changes.
ci-info: no authorized ssh keys fingerprints found for user ubuntu.
<14>May 16 17:14:08 ec2: 
<14>May 16 17:14:08 ec2: #############################################################
<14>May 16 17:14:08 ec2: -----BEGIN SSH HOST KEY FINGERPRINTS-----
<14>May 16 17:14:08 ec2: 1024 SHA256:YOvQX4pXnPyLCgzRU7fDVf5bTMp0lyYcGdTKQBWhsHM root@ubuntu-xenial (DSA)
<14>May 16 17:14:08 ec2: 256 SHA256:1/b2mSqGIfGQrHs7RvRcpNET4uOtG06GgCAkbdL2jnw root@ubuntu-xenial (ECDSA)
<14>May 16 17:14:08 ec2: 256 SHA256:5DVo9Z6U0+8MHcsFQBkm4tc7iC5yqywQywoprXAJ4FI root@ubuntu-xenial (ED25519)
<14>May 16 17:14:08 ec2: 2048 SHA256:r7mmxf+Avls824CHg95AO9x8xoZj7jt0gykcPi6reFI root@ubuntu-xenial (RSA)
<14>May 16 17:14:08 ec2: -----END SSH HOST KEY FINGERPRINTS-----
<14>May 16 17:14:08 ec2: #############################################################
-----BEGIN SSH HOST KEY KEYS-----
ecdsa-sha2-nistp256 AAAAE2VjZHNhLXNoYTItbmlzdHAyNTYAAAAIbmlzdHAyNTYAAABBBNgkL/b2GOxdhUSq24/SqPrlJ+g/rilgLLKgMAjPQ7GvNUAXdoGRvMw1Zy+GVSgFGOrV9kwjd9oqgts/ktZVHlc= root@ubuntu-xenial
ssh-ed25519 AAAAC3NzaC1lZDI1NTE5AAAAINGvewc7xSQdWrcoOUhGnIzBwx4Hoe5IckWMFoNcKLb3 root@ubuntu-xenial
ssh-rsa AAAAB3NzaC1yc2EAAAADAQABAAABAQCeHVlRiqY78PT8jLbkPxODYD3H1tQWuW0zjeKxSCEYeCEw7GlLOdrJfgWWwrjnVKd+0fPZSdEA9+QBuDKABfBeRYc7zg4HG/cUlP/FDgUa+3fW2qkO8fP3SJPZ6oVOzDUh9oNikMad4KNt/ta8Z4KklNJCGtIOzYJ1ZlPr6+wycRaFZEMDvG01hVR+aldRmx8x2xR0plNoxiv06QEUXsViaAXlW6sjhZpouwKBhvPfx8wPWJpbHp8XANz7+CVz76FWikX04vNjh1AMVRNtE1hmPfD7R1pMhaMuHdMSn1m6oAX2sIhaHPlHzZOm8ojh3GWcZBQxEwIg0Q3CWGe46IH3 root@ubuntu-xenial
-----END SSH HOST KEY KEYS-----
[   25.676252] cloud-init[1313]: Cloud-init v. 18.2 running 'modules:final' at Wed, 16 May 2018 17:14:08 +0000. Up 25.07 seconds.
[   25.747789] cloud-init[1313]: ci-info: no authorized ssh keys fingerprints found for user ubuntu.
[[0;32m  OK  [0m] Started Execute cloud user/final scripts.
[   25.765822] cloud-init[1313]: Cloud-init v. 18.2 finished at Wed, 16 May 2018 17:14:08 +0000. Datasource DataSourceNoCloud [seed=/dev/sdb][dsmode=net].  Up 25.66 seconds
[[0;32m  OK  [0m] Reached target Cloud-init target.

Ubuntu 16.04.4 LTS ubuntu-xenial ttyS0

ubuntu-xenial login: 